// Jest Snapshot v1, https://goo.gl/fbAQLP

exports[`Item should match snapshot 1`] = `
<div>
  <li
    class="svelte-1z0157c"
  >
    <input
      class="svelte-1z0157c"
      type="checkbox"
    />
     
    <span
      class="packed-false svelte-1z0157c"
      draggable="true"
    >
      socks
    </span>
     
    <button
      class="icon svelte-1z0157c"
      data-testid="delete"
    >
      ðŸ—‘
    </button>
  </li>
</div>
`;
